TAP version 13
# Subtest: D1.11 (وحدة): الحارس يقرر من حكم البورت، ومنطوق الإغلاق محدد
ok 1 - D1.11 (وحدة): الحارس يقرر من حكم البورت، ومنطوق الإغلاق محدد
  ---
  duration_ms: 1.909158
  type: 'test'
  ...
# Subtest: D1.11 (وحدة): محلّ الحقول هو نفسه ما يراه البورت — بلا انحراف
ok 2 - D1.11 (وحدة): محلّ الحقول هو نفسه ما يراه البورت — بلا انحراف
  ---
  duration_ms: 0.230792
  type: 'test'
  ...
# Subtest: D1.11.1: production + mock = خروج غير صفري، وغياب تام لأي listen
ok 3 - D1.11.1: production + mock = خروج غير صفري، وغياب تام لأي listen
  ---
  duration_ms: 183.841601
  type: 'test'
  ...
# Subtest: D1.11.2: النفي القابل للتفتيش — لا منفذ TCP مفتوح أثناء الحياة ولا بعدها
ok 4 - D1.11.2: النفي القابل للتفتيش — لا منفذ TCP مفتوح أثناء الحياة ولا بعدها
  ---
  duration_ms: 220.44483
  type: 'test'
  ...
# Subtest: D1.11.3: development/test + mock = الإقلاع مسموح كما كان تمامًا
ok 5 - D1.11.3: development/test + mock = الإقلاع مسموح كما كان تمامًا
  ---
  duration_ms: 24290.356035
  type: 'test'
  ...
# Subtest: D1.11.4: إقرار صريح = يقلع، والوضوح يبقى موسومًا لا ادّعاءً
ok 6 - D1.11.4: إقرار صريح = يقلع، والوضوح يبقى موسومًا لا ادّعاءً
  ---
  duration_ms: 8078.476281
  type: 'test'
  ...
# Subtest: D1.11 honesty: وضع الذاكرة يُعلن من حالة البورت لا من الأمنية
ok 7 - D1.11 honesty: وضع الذاكرة يُعلن من حالة البورت لا من الأمنية
  ---
  duration_ms: 225.671931
  type: 'test'
  ...
# Subtest: D1.11 ترتيب الحراس: محيط مفتاحه ناقص يرفض أولًا، والاثنان معًا لا يبتلع أحدهما الآخر
ok 8 - D1.11 ترتيب الحراس: محيط مفتاحه ناقص يرفض أولًا، والاثنان معًا لا يبتلع أحدهما الآخر
  ---
  duration_ms: 357.255545
  type: 'test'
  ...
1..8
# tests 8
# suites 0
# pass 8
# fail 0
# cancelled 0
# skipped 0
# todo 0
# duration_ms 37292.004335
