# D1.19 green — القياس مرة واحدة، وبلا تثبيت زائد، وبلا تعليق يناقض git
## 1) npm test -- tests/workflow-overlap.test.js (الشجرة النهائية بعد قلب السجل)
ok 1 - D1.19: القارئ يفهم metrics.yml — وإلا كان الحارس أعمى
ok 2 - D1.19: لا إعادة قياس — ما تنفّذه الأداة داخلها لا يُعاد خطوةً في metrics.yml
ok 3 - D1.19: التغطية محفوظة — كل ما حُذف من metrics.yml باقٍ في ci.yml
ok 4 - D1.19: لا تثبيت جذر في الملفات الثلاثة، والتبرير مقيس
ok 5 - D1.19: لا تعليق يناقض الشجرة — الادّعاء بلا قفل جذر مكسور، وcache يجب أن يحلّ إلى متتبَّع
ok 6 - D1.19: البوابة باقية كما هي — على PRs، بلا ابتلاع فشل، وعلى Node تغطيه المصفوفة
# tests 6
# pass 6
# fail 0
## 2) حارسا D1.18 وD1.16 بعد التعديلات العَرَضية (لا dist مطلوب، وskip حيث لا .git)
# tests 18
# pass 18
# fail 0
## 3) بوابة metrics تعمل بلا أي تثبيت (قياس على نسخة طارحة بلا .git وبلا node_modules)
   (cd /tmp/nogit && npm run metrics) في نسخة قبل قلب السجل: Gathering measurements… ثم فشلان فقط = مُعيد D1.19 (محذوف الآن) + 2 skip معلنة، من 704 اختبارًا
   أي: حذف خطوة التثبيت الجذري لا يغيّر شيئًا في تشغيل القياس
