TAP version 13
# Subtest: D1.10.7/8: approve بجسم فارغ تُرفض، والسلسلة تنتهي بقرار تفويض DENY مسجَّلًا
ok 1 - D1.10.7/8: approve بجسم فارغ تُرفض، والسلسلة تنتهي بقرار تفويض DENY مسجَّلًا
  ---
  duration_ms: 305.409071
  type: 'test'
  ...
# Subtest: D1.10.9: توقيع مفقود أو موقَّع بمفتاح أجنبي أو موسَّع عمدًا = DENY
ok 2 - D1.10.9: توقيع مفقود أو موقَّع بمفتاح أجنبي أو موسَّع عمدًا = DENY
  ---
  duration_ms: 248.18293
  type: 'test'
  ...
# Subtest: D1.10.8/10: معرف مرمَّز + قرار موقَّع = مسار التنفيذ القائم يعمل كما هو
ok 3 - D1.10.8/10: معرف مرمَّز + قرار موقَّع = مسار التنفيذ القائم يعمل كما هو
  ---
  duration_ms: 264.548384
  type: 'test'
  ...
# Subtest: D1.10 layer 1+4: الجدار لا يُخفي الثغرة — موقَّع بلا مصرّح = 401، و{} مع المفتاح = قرار DENY
ok 4 - D1.10 layer 1+4: الجدار لا يُخفي الثغرة — موقَّع بلا مصرّح = 401، و{} مع المفتاح = قرار DENY
  ---
  duration_ms: 288.88709
  type: 'test'
  ...
# Subtest: D1.10.8: ترميز مشوّه = DENY، لا بحث في الدفتر بمعرّف غير مُفسَّر
ok 5 - D1.10.8: ترميز مشوّه = DENY، لا بحث في الدفتر بمعرّف غير مُفسَّر
  ---
  duration_ms: 251.687145
  type: 'test'
  ...
# Subtest: D1.10 layer 4 (unit): العقد نقي — فك ترميز، نطاق، ومجال توقيع منفصل
ok 6 - D1.10 layer 4 (unit): العقد نقي — فك ترميز، نطاق، ومجال توقيع منفصل
  ---
  duration_ms: 5.30367
  type: 'test'
  ...
1..6
# tests 6
# suites 0
# pass 6
# fail 0
# cancelled 0
# skipped 0
# todo 0
# duration_ms 1494.244197
