# D1.12 green — tests/count-claims-sync.test.js بعد الإصلاح (6/6)، والشجرة الكاملة 633/633 في d1.12-metrics-green.txt
TAP version 13
# Subtest: D1.12: لا ادعاء عدد حالي في الوثيقتين — المعتبر الوحيد هو الـ metrics block
ok 1 - D1.12: لا ادعاء عدد حالي في الوثيقتين — المعتبر الوحيد هو الـ metrics block
  ---
  duration_ms: 1.620307
  type: 'test'
  ...
# Subtest: D1.12: README وSECURITY يشيران إلى نفس السجل المسجل — لا رقم حر
ok 2 - D1.12: README وSECURITY يشيران إلى نفس السجل المسجل — لا رقم حر
  ---
  duration_ms: 1.754031
  type: 'test'
  ...
# Subtest: D1.12: سجل القياس صالح ومتماسك ويحمل تاريخه ولحظته
ok 3 - D1.12: سجل القياس صالح ومتماسك ويحمل تاريخه ولحظته
  ---
  duration_ms: 0.333116
  type: 'test'
  ...
# Subtest: D1.12: المحقق يقرأ العدد من المخرجات ولا يستجديه من نص ثابت
ok 4 - D1.12: المحقق يقرأ العدد من المخرجات ولا يستجديه من نص ثابت
  ---
  duration_ms: 0.76108
  type: 'test'
  ...
# Subtest: D1.12: كل خطة نشر تحمل قياسها موسومًا بتاريخها لا راهنية
ok 5 - D1.12: كل خطة نشر تحمل قياسها موسومًا بتاريخها لا راهنية
  ---
  duration_ms: 0.979734
  type: 'test'
  ...
# Subtest: D1.12: ربط الوثائق بالواقع يبقى واجب النفاذ (لا يُنقل الحارس إلى داخل المجموعة)
ok 6 - D1.12: ربط الوثائق بالواقع يبقى واجب النفاذ (لا يُنقل الحارس إلى داخل المجموعة)
  ---
  duration_ms: 1.488296
  type: 'test'
  ...
1..6
# tests 6
# suites 0
# pass 6
# fail 0
# cancelled 0
# skipped 0
# todo 0
# duration_ms 84.895748
