# D1.20 green — الحارس 7 من 7، والبروفة تنفّذ جسم الخطوة من الـ YAML نفسه
## 1) npm test -- tests/release-workflow.test.js
ok 1 - D1.20: القارئ يفهم release.yml — وإلا كان الحارس أعمى
ok 2 - D1.20: لا ابتلاع فشل في أي خطوة — النشر أحمر لو لم يُنشر
ok 3 - D1.20: لا خطوة تثبيت في الجذر، والتبرير مقيس في الحارس
ok 4 - D1.20: جسر الأدلة الذي تستورده خطوة node -e موجود ويصدّر ما يُستعمل
ok 5 - D1.20: مسارات المنتجات متماسكة — pack والتوقيع والإلحاق في مجلد واحد
ok 6 - D1.20: بوابة الإصدار وصلاحياته — مقاسات لا إرث
ok 7 - D1.20: التناقض معلن لا مبطّن — private/package مقابل خطوة تُسمّي نفسها Publish
# tests 7
# pass 7
# fail 0

## 2) بروفة (نسخة طارحة من الشجرة، بلا .git وبلا dashboard) لجسم خطوة Publish المستخرج من release.yml
   (أ) private:true (الحالة الحالية) ⇒ rc 0 | stdout: «::warning::npm publish متخطًى: package.json يقول private:true — النشر محسوم بالتذكرة D1.21 لا بابتلاع الفشل» | summary.txt: SKIP_PUBLISH=private-package
   (ب) private:false (محاكاة قرار النشر) ⇒ rc 1 مع NPM_CONFIG_REGISTRY=http://127.0.0.1:9 (لا خطر نشر حقيقي) و«لا» summary2.txt — أي أن الفشل رُفع ولم يُبتلع
   قبل الإصلاح كانت الحالتان معًا rc 0 بسبب || true — هذا بالضبط ما كانت التذكرة تعنيه

## 3) المجموعة الكاملة عند الإغلاق
   # tests 711
   # pass 711
   # fail 0
   711 = 702 (بعد D1.19) + 7 (tests/release-workflow.test.js) + 2 (مُعيد D1.21 الذي يبقى ما دامت مفتوحة)؛ مُعيد D1.20 لم يدخل git فلم يُحسب وُلم يُطرح
