TAP version 13
# [workspace-port] created ws_poststate_fixture method=file_copy staging=/tmp/nexa-poststate-Gwnv7h/root/.nexa/staging/ws_poststate_fixture evidence=none
# [workspace-port] created ws_poststate_fixture method=file_copy staging=/tmp/nexa-poststate-KTZ2TR/root/.nexa/staging/ws_poststate_fixture evidence=none
# [workspace-port] created ws_poststate_fixture method=file_copy staging=/tmp/nexa-poststate-Mb6FlC/root/.nexa/staging/ws_poststate_fixture evidence=none
# [workspace-port] created ws_poststate_fixture method=file_copy staging=/tmp/nexa-poststate-zizP0g/root/.nexa/staging/ws_poststate_fixture evidence=none
# [workspace-port] created ws_poststate_fixture method=file_copy staging=/tmp/nexa-poststate-u4yocb/root/.nexa/staging/ws_poststate_fixture evidence=none
# [workspace-port] created ws_poststate_fixture method=file_copy staging=/tmp/nexa-poststate-xcZpHJ/root/.nexa/staging/ws_poststate_fixture evidence=none
# [workspace-port] created ws_poststate_fixture method=file_copy staging=/tmp/nexa-poststate-X7X5zT/root/.nexa/staging/ws_poststate_fixture evidence=none
# Subtest: RED1/GREEN: ok:true is only returned after the written bytes are re-read and proven
not ok 1 - RED1/GREEN: ok:true is only returned after the written bytes are re-read and proven
  ---
  duration_ms: 33.678884
  type: 'test'
  location: '/home/user/nexa/tests/celia-workspace-commit-poststate.test.js:99:1'
  failureType: 'testCodeFailure'
  error: 'a.txt must be re-read from disk AFTER its apply write; a pre-write probe is not post-state proof'
  code: 'ERR_ASSERTION'
  name: 'AssertionError'
  expected: true
  actual: false
  operator: '=='
  stack: |-
    TestContext.<anonymous> (file:///home/user/nexa/tests/celia-workspace-commit-poststate.test.js:128:12)
    async Test.run (node:internal/test_runner/test:1054:7)
    async startSubtestAfterBootstrap (node:internal/test_runner/harness:296:3)
  ...
# Subtest: RED2: a target whose bytes differ after a successful write must not report success
not ok 2 - RED2: a target whose bytes differ after a successful write must not report success
  ---
  duration_ms: 18.164992
  type: 'test'
  location: '/home/user/nexa/tests/celia-workspace-commit-poststate.test.js:136:1'
  failureType: 'testCodeFailure'
  error: 'Missing expected exception.'
  code: 'ERR_ASSERTION'
  name: 'AssertionError'
  stack: |-
    TestContext.<anonymous> (file:///home/user/nexa/tests/celia-workspace-commit-poststate.test.js:143:12)
    async Test.run (node:internal/test_runner/test:1054:7)
    async Test.processPendingSubtests (node:internal/test_runner/test:744:7)
  ...
# Subtest: RED3: when the rollback of an unverified effect cannot itself be proven, recovery is unverified
not ok 3 - RED3: when the rollback of an unverified effect cannot itself be proven, recovery is unverified
  ---
  duration_ms: 15.440635
  type: 'test'
  location: '/home/user/nexa/tests/celia-workspace-commit-poststate.test.js:151:1'
  failureType: 'testCodeFailure'
  error: 'Missing expected exception.'
  code: 'ERR_ASSERTION'
  name: 'AssertionError'
  stack: |-
    TestContext.<anonymous> (file:///home/user/nexa/tests/celia-workspace-commit-poststate.test.js:157:12)
    async Test.run (node:internal/test_runner/test:1054:7)
    async Test.processPendingSubtests (node:internal/test_runner/test:744:7)
  ...
# Subtest: post-state: a new file removed during rollback is proven gone, not assumed gone
not ok 4 - post-state: a new file removed during rollback is proven gone, not assumed gone
  ---
  duration_ms: 14.941415
  type: 'test'
  location: '/home/user/nexa/tests/celia-workspace-commit-poststate.test.js:167:1'
  failureType: 'testCodeFailure'
  error: 'Missing expected exception.'
  code: 'ERR_ASSERTION'
  name: 'AssertionError'
  stack: |-
    TestContext.<anonymous> (file:///home/user/nexa/tests/celia-workspace-commit-poststate.test.js:172:12)
    async Test.run (node:internal/test_runner/test:1054:7)
    async Test.processPendingSubtests (node:internal/test_runner/test:744:7)
  ...
# Subtest: post-state: the verification reads real bytes, not the in-memory buffer
not ok 5 - post-state: the verification reads real bytes, not the in-memory buffer
  ---
  duration_ms: 16.038688
  type: 'test'
  location: '/home/user/nexa/tests/celia-workspace-commit-poststate.test.js:177:1'
  failureType: 'testCodeFailure'
  error: 'Missing expected exception.'
  code: 'ERR_ASSERTION'
  name: 'AssertionError'
  stack: |-
    TestContext.<anonymous> (file:///home/user/nexa/tests/celia-workspace-commit-poststate.test.js:193:12)
    async Test.run (node:internal/test_runner/test:1054:7)
    async Test.processPendingSubtests (node:internal/test_runner/test:744:7)
  ...
# Subtest: post-state: positive control — an uncontended commit still succeeds and reports its proof
ok 6 - post-state: positive control — an uncontended commit still succeeds and reports its proof
  ---
  duration_ms: 16.649373
  type: 'test'
  ...
# Subtest: post-state: verification does not refund the consumed authorization
not ok 7 - post-state: verification does not refund the consumed authorization
  ---
  duration_ms: 15.097406
  type: 'test'
  location: '/home/user/nexa/tests/celia-workspace-commit-poststate.test.js:211:1'
  failureType: 'testCodeFailure'
  error: 'Missing expected exception.'
  code: 'ERR_ASSERTION'
  name: 'AssertionError'
  stack: |-
    TestContext.<anonymous> (file:///home/user/nexa/tests/celia-workspace-commit-poststate.test.js:215:16)
    async Test.run (node:internal/test_runner/test:1054:7)
    async Test.processPendingSubtests (node:internal/test_runner/test:744:7)
  ...
1..7
# tests 7
# suites 0
# pass 1
# fail 6
# cancelled 0
# skipped 0
# todo 0
# duration_ms 222.87445
