TAP version 13
# [workspace-port] created ws_h2_fixture method=file_copy staging=/tmp/nexa-h2-recovery-GsWCJZ/root/.nexa/staging/ws_h2_fixture evidence=none
# [workspace-port] created ws_h2_fixture method=file_copy staging=/tmp/nexa-h2-recovery-2Nzu7T/root/.nexa/staging/ws_h2_fixture evidence=none
# [workspace-port] created ws_h2_fixture method=file_copy staging=/tmp/nexa-h2-recovery-WLbbD0/root/.nexa/staging/ws_h2_fixture evidence=none
# [workspace-port] created ws_h2_fixture method=file_copy staging=/tmp/nexa-h2-recovery-UdIbBa/root/.nexa/staging/ws_h2_fixture evidence=none
# [workspace-port] created ws_h2_fixture method=file_copy staging=/tmp/nexa-h2-recovery-YEvvZH/root/.nexa/staging/ws_h2_fixture evidence=none
# [workspace-port] created ws_h2_fixture method=file_copy staging=/tmp/nexa-h2-recovery-7IwqSv/root/.nexa/staging/ws_h2_fixture evidence=none
# [workspace-port] created ws_h2_fixture method=file_copy staging=/tmp/nexa-h2-recovery-dzF1XM/root/.nexa/staging/ws_h2_fixture evidence=none
# [workspace-port] created ws_h2_fixture method=file_copy staging=/tmp/nexa-h2-recovery-x9947y/root/.nexa/staging/ws_h2_fixture evidence=none
# Subtest: H2 recovery: failure at target 1 restores only attempted changes
ok 1 - H2 recovery: failure at target 1 restores only attempted changes
  ---
  duration_ms: 37.223347
  type: 'test'
  ...
# {"faultAt":"a.bin","restored":true,"stagingUnchanged":true,"consumptionRetained":true}
# Subtest: H2 recovery: failure at target 2 restores only attempted changes
ok 2 - H2 recovery: failure at target 2 restores only attempted changes
  ---
  duration_ms: 18.63611
  type: 'test'
  ...
# {"faultAt":"b.bin","restored":true,"stagingUnchanged":true,"consumptionRetained":true}
# Subtest: H2 recovery: failure at target 3 restores only attempted changes
ok 3 - H2 recovery: failure at target 3 restores only attempted changes
  ---
  duration_ms: 17.265798
  type: 'test'
  ...
# {"faultAt":"c.bin","restored":true,"stagingUnchanged":true,"consumptionRetained":true}
# Subtest: H2 recovery: partially written failing target is restored, not just successful previous writes
ok 4 - H2 recovery: partially written failing target is restored, not just successful previous writes
  ---
  duration_ms: 16.2698
  type: 'test'
  ...
# Subtest: H2 recovery: removes new files and only its own empty directories after apply failure
ok 5 - H2 recovery: removes new files and only its own empty directories after apply failure
  ---
  duration_ms: 17.439352
  type: 'test'
  ...
# Subtest: H2 recovery: directory creation fault restores earlier files and removes already-created empty ancestors
ok 6 - H2 recovery: directory creation fault restores earlier files and removes already-created empty ancestors
  ---
  duration_ms: 16.307829
  type: 'test'
  ...
# Subtest: H2 recovery: failed rollback reports 503 and holds later authorized requests in this process
ok 7 - H2 recovery: failed rollback reports 503 and holds later authorized requests in this process
  ---
  duration_ms: 23.105891
  type: 'test'
  ...
# Recovery latch is process-local, not durable restart quarantine. P03 remains required.
# Subtest: H2 recovery: positive authorized control writes real existing and nested new files
ok 8 - H2 recovery: positive authorized control writes real existing and nested new files
  ---
  duration_ms: 14.982405
  type: 'test'
  ...
# [workspace-port] created ws_h2_fixture method=file_copy staging=/tmp/nexa-h2-recovery-3HXFvY/root/.nexa/staging/ws_h2_fixture evidence=none
# Subtest: H2 recovery: original fault fixture rolls back without reviving spent authority after actual restart
ok 9 - H2 recovery: original fault fixture rolls back without reviving spent authority after actual restart
  ---
  duration_ms: 242.963855
  type: 'test'
  ...
# {"oldPid":21151,"newPid":21160,"rollback":true,"oldGrant":"DENY","freshGrantSameChanges":"ALLOW"}
# Subtest: H2 recovery: restores original permission bits when the operating system clears them on write
ok 10 - H2 recovery: restores original permission bits when the operating system clears them on write
  ---
  duration_ms: 17.977968
  type: 'test'
  ...
# [workspace-port] created ws_h3_fixture method=file_copy staging=/tmp/nexa-h3-6DEJOg/root/.nexa/staging/ws_h3_fixture evidence=none
# [workspace-port] created ws_h3_fixture method=file_copy staging=/tmp/nexa-h3-7WCxNi/root/.nexa/staging/ws_h3_fixture evidence=none
# [workspace-port] created ws_h3_fixture method=file_copy staging=/tmp/nexa-h3-Bgv6Ju/root/.nexa/staging/ws_h3_fixture evidence=none
# [workspace-port] created ws_h3_fixture method=file_copy staging=/tmp/nexa-h3-h46zbo/root/.nexa/staging/ws_h3_fixture evidence=none
# [workspace-port] created ws_h3_fixture method=file_copy staging=/tmp/nexa-h3-9WrURU/root/.nexa/staging/ws_h3_fixture evidence=none
# [workspace-port] created ws_h3_fixture method=file_copy staging=/tmp/nexa-h3-lIVF3H/root/.nexa/staging/ws_h3_fixture evidence=none
# [workspace-port] created ws_h3_fixture method=file_copy staging=/tmp/nexa-h3-YoPpBV/root/.nexa/staging/ws_h3_fixture evidence=none
# [workspace-port] created ws_h3_fixture method=file_copy staging=/tmp/nexa-h3-uzK43J/root/.nexa/staging/ws_h3_fixture evidence=none
# Subtest: H3: a competing edit to the first target is preserved and no other target is applied
ok 11 - H3: a competing edit to the first target is preserved and no other target is applied
  ---
  duration_ms: 32.703994
  type: 'test'
  ...
# Subtest: H3: a competing edit to a LATER target rolls back the already-applied earlier target
ok 12 - H3: a competing edit to a LATER target rolls back the already-applied earlier target
  ---
  duration_ms: 18.80445
  type: 'test'
  ...
# Subtest: H3: deletion of a verified target during the window refuses and leaves no resurrected file
ok 13 - H3: deletion of a verified target during the window refuses and leaves no resurrected file
  ---
  duration_ms: 16.150098
  type: 'test'
  ...
# Subtest: H3: a same-size competing edit is caught by bytes, not by length or mtime
ok 14 - H3: a same-size competing edit is caught by bytes, not by length or mtime
  ---
  duration_ms: 14.43071
  type: 'test'
  ...
# Subtest: H3: a competing mode change on verified bytes is refused
ok 15 - H3: a competing mode change on verified bytes is refused
  ---
  duration_ms: 15.364786
  type: 'test'
  ...
# Subtest: H3: positive control — an uncontended commit still applies every target
ok 16 - H3: positive control — an uncontended commit still applies every target
  ---
  duration_ms: 15.45518
  type: 'test'
  ...
# Subtest: H3: the probe preserves the original mode on an uncontended existing target
ok 17 - H3: the probe preserves the original mode on an uncontended existing target
  ---
  duration_ms: 13.91921
  type: 'test'
  ...
# Subtest: H3: a refused commit does not refund the consumed authorization
ok 18 - H3: a refused commit does not refund the consumed authorization
  ---
  duration_ms: 16.788101
  type: 'test'
  ...
# Consumed-on-refusal is intentional: the window was entered under real authority.
# Subtest: COMMIT H1: a consumed authorization stays denied after restart even when the approved base returns
ok 19 - COMMIT H1: a consumed authorization stays denied after restart even when the approved base returns
  ---
  duration_ms: 254.827133
  type: 'test'
  ...
# {"boundary":"H1","firstPid":21201,"restartedPid":21210,"sameProcess":"DENY","afterRestart":"DENY","contents":{"a.txt":"base A\\n","b.txt":"base B\\n"}}
# Subtest: COMMIT H2: disk failure on the second file cannot leave a half-applied root
ok 20 - COMMIT H2: disk failure on the second file cannot leave a half-applied root
  ---
  duration_ms: 175.731457
  type: 'test'
  ...
# {"boundary":"H2","outcome":"ERROR","code":"ENOSPC","trace":[{"kind":"write-applied","file":"a.txt"},{"kind":"fault","file":"b.txt","code":"ENOSPC"},{"kind":"write-applied","file":"a.txt"}],"contents":{"a.txt":"base A\\n","b.txt":"base B\\n"}}
# Subtest: COMMIT H3: an external writer after hash verification must not be overwritten by stale commit bytes
ok 21 - COMMIT H3: an external writer after hash verification must not be overwritten by stale commit bytes
  ---
  duration_ms: 176.146214
  type: 'test'
  ...
# {"boundary":"H3","commitPid":21228,"outcome":"DENY","trace":[{"kind":"external-writer","file":"a.txt","pid":21237,"before":"base A\\n","after":"external writer value\\n"}],"contents":{"a.txt":"external writer value\\n","b.txt":"base B\\n"}}
1..21
# tests 21
# suites 0
# pass 21
# fail 0
# cancelled 0
# skipped 0
# todo 0
# duration_ms 1427.099175
