TAP version 13
# [workspace-port] created ws_h2_fixture method=file_copy staging=/tmp/nexa-h2-recovery-fx8XhU/root/.nexa/staging/ws_h2_fixture evidence=none
# [workspace-port] created ws_h2_fixture method=file_copy staging=/tmp/nexa-h2-recovery-KfLCnn/root/.nexa/staging/ws_h2_fixture evidence=none
# [workspace-port] created ws_h2_fixture method=file_copy staging=/tmp/nexa-h2-recovery-SjwV1n/root/.nexa/staging/ws_h2_fixture evidence=none
# [workspace-port] created ws_h2_fixture method=file_copy staging=/tmp/nexa-h2-recovery-nVheZo/root/.nexa/staging/ws_h2_fixture evidence=none
# [workspace-port] created ws_h2_fixture method=file_copy staging=/tmp/nexa-h2-recovery-lP4H5s/root/.nexa/staging/ws_h2_fixture evidence=none
# [workspace-port] created ws_h2_fixture method=file_copy staging=/tmp/nexa-h2-recovery-9WoOE6/root/.nexa/staging/ws_h2_fixture evidence=none
# [workspace-port] created ws_h2_fixture method=file_copy staging=/tmp/nexa-h2-recovery-46QlZx/root/.nexa/staging/ws_h2_fixture evidence=none
# [workspace-port] created ws_h2_fixture method=file_copy staging=/tmp/nexa-h2-recovery-iXhHrG/root/.nexa/staging/ws_h2_fixture evidence=none
# Subtest: H2 recovery: failure at target 1 restores only attempted changes
ok 1 - H2 recovery: failure at target 1 restores only attempted changes
  ---
  duration_ms: 35.738092
  type: 'test'
  ...
# {"faultAt":"a.bin","restored":true,"stagingUnchanged":true,"consumptionRetained":true}
# Subtest: H2 recovery: failure at target 2 restores only attempted changes
ok 2 - H2 recovery: failure at target 2 restores only attempted changes
  ---
  duration_ms: 17.541637
  type: 'test'
  ...
# {"faultAt":"b.bin","restored":true,"stagingUnchanged":true,"consumptionRetained":true}
# Subtest: H2 recovery: failure at target 3 restores only attempted changes
ok 3 - H2 recovery: failure at target 3 restores only attempted changes
  ---
  duration_ms: 17.359263
  type: 'test'
  ...
# {"faultAt":"c.bin","restored":true,"stagingUnchanged":true,"consumptionRetained":true}
# Subtest: H2 recovery: partially written failing target is restored, not just successful previous writes
ok 4 - H2 recovery: partially written failing target is restored, not just successful previous writes
  ---
  duration_ms: 16.379425
  type: 'test'
  ...
# Subtest: H2 recovery: removes new files and only its own empty directories after apply failure
ok 5 - H2 recovery: removes new files and only its own empty directories after apply failure
  ---
  duration_ms: 17.708951
  type: 'test'
  ...
# Subtest: H2 recovery: directory creation fault restores earlier files and removes already-created empty ancestors
ok 6 - H2 recovery: directory creation fault restores earlier files and removes already-created empty ancestors
  ---
  duration_ms: 16.478991
  type: 'test'
  ...
# Subtest: H2 recovery: failed rollback reports 503 and holds later authorized requests in this process
ok 7 - H2 recovery: failed rollback reports 503 and holds later authorized requests in this process
  ---
  duration_ms: 18.649697
  type: 'test'
  ...
# Recovery latch is process-local, not durable restart quarantine. P03 remains required.
# Subtest: H2 recovery: positive authorized control writes real existing and nested new files
ok 8 - H2 recovery: positive authorized control writes real existing and nested new files
  ---
  duration_ms: 14.50802
  type: 'test'
  ...
# [workspace-port] created ws_h2_fixture method=file_copy staging=/tmp/nexa-h2-recovery-1TBCSV/root/.nexa/staging/ws_h2_fixture evidence=none
# Subtest: H2 recovery: original fault fixture rolls back without reviving spent authority after actual restart
ok 9 - H2 recovery: original fault fixture rolls back without reviving spent authority after actual restart
  ---
  duration_ms: 239.028452
  type: 'test'
  ...
# {"oldPid":15289,"newPid":15298,"rollback":true,"oldGrant":"DENY","freshGrantSameChanges":"ALLOW"}
# Subtest: H2 recovery: restores original permission bits when the operating system clears them on write
ok 10 - H2 recovery: restores original permission bits when the operating system clears them on write
  ---
  duration_ms: 17.601628
  type: 'test'
  ...
1..10
# tests 10
# suites 0
# pass 10
# fail 0
# cancelled 0
# skipped 0
# todo 0
# duration_ms 493.340792
