TAP version 13
# Subtest: commit auth: exact approved bytes and base yield only the intended root mutations
ok 1 - commit auth: exact approved bytes and base yield only the intended root mutations
  ---
  duration_ms: 298.258406
  type: 'test'
  ...
# Subtest: commit auth: anonymous is 401 and signed identity without capability is 403
ok 2 - commit auth: anonymous is 401 and signed identity without capability is 403
  ---
  duration_ms: 271.201983
  type: 'test'
  ...
# Subtest: commit auth: WRITE capability in a signed COMMIT request is not sufficient
ok 3 - commit auth: WRITE capability in a signed COMMIT request is not sufficient
  ---
  duration_ms: 216.264475
  type: 'test'
  ...
# Subtest: commit auth: genuine COMMIT grant for A cannot authorize workspace B
ok 4 - commit auth: genuine COMMIT grant for A cannot authorize workspace B
  ---
  duration_ms: 264.226465
  type: 'test'
  ...
# Subtest: commit auth: expired capability in a fresh signed envelope is denied
ok 5 - commit auth: expired capability in a fresh signed envelope is denied
  ---
  duration_ms: 210.289768
  type: 'test'
  ...
# Subtest: commit auth: replay and a new envelope reusing a spent COMMIT grant are denied
ok 6 - commit auth: replay and a new envelope reusing a spent COMMIT grant are denied
  ---
  duration_ms: 231.578771
  type: 'test'
  ...
# Subtest: commit auth: staging modified via authorized WRITE after approval invalidates COMMIT
ok 7 - commit auth: staging modified via authorized WRITE after approval invalidates COMMIT
  ---
  duration_ms: 198.076604
  type: 'test'
  ...
# Subtest: commit auth: re-signing a new staging hash cannot change the grant constraints
ok 8 - commit auth: re-signing a new staging hash cannot change the grant constraints
  ---
  duration_ms: 200.150287
  type: 'test'
  ...
# Subtest: commit auth: added or removed staging files invalidate the full manifest
ok 9 - commit auth: added or removed staging files invalidate the full manifest
  ---
  duration_ms: 249.039902
  type: 'test'
  ...
# Subtest: commit auth: changed base content or base permissions invalidates approval
ok 10 - commit auth: changed base content or base permissions invalidates approval
  ---
  duration_ms: 220.227903
  type: 'test'
  ...
# Subtest: commit auth: expected absent target that appears before commit invalidates the base
ok 11 - commit auth: expected absent target that appears before commit invalidates the base
  ---
  duration_ms: 197.896346
  type: 'test'
  ...
# Subtest: commit auth: a grant and intent for another root cannot target this server
ok 12 - commit auth: a grant and intent for another root cannot target this server
  ---
  duration_ms: 210.639774
  type: 'test'
  ...
# Subtest: commit auth: valid signature and grant cannot bypass empty or denying policy
ok 13 - commit auth: valid signature and grant cannot bypass empty or denying policy
  ---
  duration_ms: 201.253493
  type: 'test'
  ...
# Subtest: commit auth: untrusted issuer and an empty issuer list fail closed
ok 14 - commit auth: untrusted issuer and an empty issuer list fail closed
  ---
  duration_ms: 184.573092
  type: 'test'
  ...
# Subtest: commit auth: holder, audience, signature and operation are independently checked
ok 15 - commit auth: holder, audience, signature and operation are independently checked
  ---
  duration_ms: 307.929831
  type: 'test'
  ...
# Subtest: commit auth: wrong resource, missing state constraints and wider budgets are denied
ok 16 - commit auth: wrong resource, missing state constraints and wider budgets are denied
  ---
  duration_ms: 243.98998
  type: 'test'
  ...
# Subtest: commit auth: root target symlinks are rejected before any file is applied
ok 17 - commit auth: root target symlinks are rejected before any file is applied
  ---
  duration_ms: 225.545957
  type: 'test'
  ...
# Subtest: commit auth: staging symlinks are rejected before any file is applied
ok 18 - commit auth: staging symlinks are rejected before any file is applied
  ---
  duration_ms: 240.876505
  type: 'test'
  ...
# Subtest: commit auth: concurrent requests cannot apply the same single-use authorization twice
ok 19 - commit auth: concurrent requests cannot apply the same single-use authorization twice
  ---
  duration_ms: 224.201765
  type: 'test'
  ...
# [workspace-port] created ws_h2_fixture method=file_copy staging=/tmp/nexa-h2-recovery-pqsS4i/root/.nexa/staging/ws_h2_fixture evidence=none
# [workspace-port] created ws_h2_fixture method=file_copy staging=/tmp/nexa-h2-recovery-7N5TEl/root/.nexa/staging/ws_h2_fixture evidence=none
# [workspace-port] created ws_h2_fixture method=file_copy staging=/tmp/nexa-h2-recovery-mkCIpP/root/.nexa/staging/ws_h2_fixture evidence=none
# [workspace-port] created ws_h2_fixture method=file_copy staging=/tmp/nexa-h2-recovery-vsd7BW/root/.nexa/staging/ws_h2_fixture evidence=none
# [workspace-port] created ws_h2_fixture method=file_copy staging=/tmp/nexa-h2-recovery-vLY6iA/root/.nexa/staging/ws_h2_fixture evidence=none
# [workspace-port] created ws_h2_fixture method=file_copy staging=/tmp/nexa-h2-recovery-pHiZ08/root/.nexa/staging/ws_h2_fixture evidence=none
# [workspace-port] created ws_h2_fixture method=file_copy staging=/tmp/nexa-h2-recovery-ttH3Hu/root/.nexa/staging/ws_h2_fixture evidence=none
# [workspace-port] created ws_h2_fixture method=file_copy staging=/tmp/nexa-h2-recovery-KxkUCM/root/.nexa/staging/ws_h2_fixture evidence=none
# Subtest: H2 recovery: failure at target 1 restores only attempted changes
ok 20 - H2 recovery: failure at target 1 restores only attempted changes
  ---
  duration_ms: 27.586949
  type: 'test'
  ...
# {"faultAt":"a.bin","restored":true,"stagingUnchanged":true,"consumptionRetained":true}
# Subtest: H2 recovery: failure at target 2 restores only attempted changes
ok 21 - H2 recovery: failure at target 2 restores only attempted changes
  ---
  duration_ms: 15.204748
  type: 'test'
  ...
# {"faultAt":"b.bin","restored":true,"stagingUnchanged":true,"consumptionRetained":true}
# Subtest: H2 recovery: failure at target 3 restores only attempted changes
ok 22 - H2 recovery: failure at target 3 restores only attempted changes
  ---
  duration_ms: 12.542443
  type: 'test'
  ...
# {"faultAt":"c.bin","restored":true,"stagingUnchanged":true,"consumptionRetained":true}
# Subtest: H2 recovery: partially written failing target is restored, not just successful previous writes
ok 23 - H2 recovery: partially written failing target is restored, not just successful previous writes
  ---
  duration_ms: 13.86379
  type: 'test'
  ...
# Subtest: H2 recovery: removes new files and only its own empty directories after apply failure
ok 24 - H2 recovery: removes new files and only its own empty directories after apply failure
  ---
  duration_ms: 18.532238
  type: 'test'
  ...
# Subtest: H2 recovery: directory creation fault restores earlier files and removes already-created empty ancestors
ok 25 - H2 recovery: directory creation fault restores earlier files and removes already-created empty ancestors
  ---
  duration_ms: 14.971934
  type: 'test'
  ...
# Subtest: H2 recovery: failed rollback reports 503 and holds later authorized requests in this process
ok 26 - H2 recovery: failed rollback reports 503 and holds later authorized requests in this process
  ---
  duration_ms: 15.456293
  type: 'test'
  ...
# Recovery latch is process-local, not durable restart quarantine. P03 remains required.
# Subtest: H2 recovery: positive authorized control writes real existing and nested new files
ok 27 - H2 recovery: positive authorized control writes real existing and nested new files
  ---
  duration_ms: 11.570152
  type: 'test'
  ...
# Subtest: H2 recovery: original fault fixture rolls back without reviving spent authority after actual restart
ok 28 - H2 recovery: original fault fixture rolls back without reviving spent authority after actual restart
  ---
  duration_ms: 193.682692
  type: 'test'
  ...
# {"oldPid":6026,"newPid":6035,"rollback":true,"oldGrant":"DENY","freshGrantSameChanges":"ALLOW"}
# Subtest: workspace commit HTTP: anonymous commit cannot promote authorized staged writes
ok 29 - workspace commit HTTP: anonymous commit cannot promote authorized staged writes
  ---
  duration_ms: 257.983529
  type: 'test'
  ...
# {"status":401,"filesystemChanges":[],"stagingChanges":[{"workspaceId":"ws_commit-red-a_muaai133","changedEntries":[],"metadataUnchanged":true}]}
# Subtest: workspace commit HTTP: a fresh signed WRITE grant is not COMMIT permission
ok 30 - workspace commit HTTP: a fresh signed WRITE grant is not COMMIT permission
  ---
  duration_ms: 207.986079
  type: 'test'
  ...
# {"status":403,"filesystemChanges":[],"stagingChanges":[{"workspaceId":"ws_commit-red-a_muaai19b","changedEntries":[],"metadataUnchanged":true}]}
# Subtest: workspace commit HTTP: user A WRITE grant cannot commit user B staged workspace
ok 31 - workspace commit HTTP: user A WRITE grant cannot commit user B staged workspace
  ---
  duration_ms: 252.442194
  type: 'test'
  ...
# {"status":403,"filesystemChanges":[],"stagingChanges":[{"workspaceId":"ws_commit-red-a_muaai1ew","changedEntries":[],"metadataUnchanged":true},{"workspaceId":"ws_commit-red-b_muaai1fj","changedEntries":[],"metadataUnchanged":true}]}
# Subtest: H1 persistence: disk consumption survives ABA/restart; old grant denied, fresh grant same changeSet allowed
ok 32 - H1 persistence: disk consumption survives ABA/restart; old grant denied, fresh grant same changeSet allowed
  ---
  duration_ms: 249.533045
  type: 'test'
  ...
# {"oldPid":6091,"restartedPid":6100,"oldAuthorization":"DENY","reSignedSpentGrant":"DENY","freshGrantSameState":"ALLOW","durableConsumptions":2}
# Subtest: H1 persistence: SIGKILL after durable consume but before first root effect cannot revive authority
ok 33 - H1 persistence: SIGKILL after durable consume but before first root effect cannot revive authority
  ---
  duration_ms: 211.883247
  type: 'test'
  ...
# Subtest: H1 persistence: shared ancestor budgets persist, without banning an unspent sibling grant
ok 34 - H1 persistence: shared ancestor budgets persist, without banning an unspent sibling grant
  ---
  duration_ms: 300.98168
  type: 'test'
  ...
# Subtest: H1 persistence: journal-write-error fails closed before root effects and stays closed after restart
ok 35 - H1 persistence: journal-write-error fails closed before root effects and stays closed after restart
  ---
  duration_ms: 203.905292
  type: 'test'
  ...
# Subtest: H1 persistence: journal-fsync-error fails closed before root effects and stays closed after restart
ok 36 - H1 persistence: journal-fsync-error fails closed before root effects and stays closed after restart
  ---
  duration_ms: 180.514561
  type: 'test'
  ...
# Subtest: H1 persistence: head-fsync-error fails closed before root effects and stays closed after restart
ok 37 - H1 persistence: head-fsync-error fails closed before root effects and stays closed after restart
  ---
  duration_ms: 162.804768
  type: 'test'
  ...
# Subtest: H1 persistence: missing initialization is never treated as a fresh empty ledger
ok 38 - H1 persistence: missing initialization is never treated as a fresh empty ledger
  ---
  duration_ms: 183.203689
  type: 'test'
  ...
# Subtest: H1 persistence: missing journal is never treated as a fresh empty ledger
ok 39 - H1 persistence: missing journal is never treated as a fresh empty ledger
  ---
  duration_ms: 168.118696
  type: 'test'
  ...
# Subtest: H1 persistence: torn record is never treated as a fresh empty ledger
ok 40 - H1 persistence: torn record is never treated as a fresh empty ledger
  ---
  duration_ms: 178.426129
  type: 'test'
  ...
# Subtest: H1 persistence: whole-record journal truncation is never treated as a fresh empty ledger
ok 41 - H1 persistence: whole-record journal truncation is never treated as a fresh empty ledger
  ---
  duration_ms: 181.009385
  type: 'test'
  ...
# Subtest: H1 persistence: corrupted head is never treated as a fresh empty ledger
ok 42 - H1 persistence: corrupted head is never treated as a fresh empty ledger
  ---
  duration_ms: 171.512275
  type: 'test'
  ...
# Subtest: H1 persistence: non-private directory is never treated as a fresh empty ledger
ok 43 - H1 persistence: non-private directory is never treated as a fresh empty ledger
  ---
  duration_ms: 165.2764
  type: 'test'
  ...
# Subtest: H1 persistence: unwritable journal is never treated as a fresh empty ledger
ok 44 - H1 persistence: unwritable journal is never treated as a fresh empty ledger
  ---
  duration_ms: 181.976919
  type: 'test'
  ...
# Subtest: H1 persistence: unreadable journal is never treated as a fresh empty ledger
ok 45 - H1 persistence: unreadable journal is never treated as a fresh empty ledger
  ---
  duration_ms: 163.438643
  type: 'test'
  ...
# Subtest: H1 persistence: symlink journal is never treated as a fresh empty ledger
ok 46 - H1 persistence: symlink journal is never treated as a fresh empty ledger
  ---
  duration_ms: 173.456021
  type: 'test'
  ...
# Subtest: H1 persistence: wrong root binding is never treated as a fresh empty ledger
ok 47 - H1 persistence: wrong root binding is never treated as a fresh empty ledger
  ---
  duration_ms: 182.407404
  type: 'test'
  ...
# Subtest: H1 persistence: missing store on the FIRST authorized request denies rather than silently initializing
ok 48 - H1 persistence: missing store on the FIRST authorized request denies rather than silently initializing
  ---
  duration_ms: 109.909383
  type: 'test'
  ...
# Subtest: H1 persistence: provisioning refuses reset of an existing consumed store
ok 49 - H1 persistence: provisioning refuses reset of an existing consumed store
  ---
  duration_ms: 96.562737
  type: 'test'
  ...
# Subtest: H1 persistence: absent state-directory configuration has no in-memory fallback
ok 50 - H1 persistence: absent state-directory configuration has no in-memory fallback
  ---
  duration_ms: 105.767462
  type: 'test'
  ...
# Subtest: H1 persistence: anonymous denial does not mutate the consumption store
ok 51 - H1 persistence: anonymous denial does not mutate the consumption store
  ---
  duration_ms: 106.827402
  type: 'test'
  ...
# Subtest: workspace HTTP: unauthenticated write is denied without filesystem changes
ok 52 - workspace HTTP: unauthenticated write is denied without filesystem changes
  ---
  duration_ms: 214.906907
  type: 'test'
  ...
# Anonymous write returned HTTP 401; changed paths: []
# Subtest: workspace write auth: anonymous requests preserve filesystem and metadata
ok 53 - workspace write auth: anonymous requests preserve filesystem and metadata
  ---
  duration_ms: 236.524071
  type: 'test'
  ...
# Subtest: workspace write auth: a signed identity without a capability is insufficient
ok 54 - workspace write auth: a signed identity without a capability is insufficient
  ---
  duration_ms: 178.440126
  type: 'test'
  ...
# Subtest: workspace write auth: no server configuration means default deny even with a signed grant
ok 55 - workspace write auth: no server configuration means default deny even with a signed grant
  ---
  duration_ms: 184.006147
  type: 'test'
  ...
# Subtest: workspace write auth: a valid capability cannot bypass an empty policy
ok 56 - workspace write auth: a valid capability cannot bypass an empty policy
  ---
  duration_ms: 173.051902
  type: 'test'
  ...
# Subtest: workspace write auth: unsigned, forged or stale identity proofs cannot write
ok 57 - workspace write auth: unsigned, forged or stale identity proofs cannot write
  ---
  duration_ms: 226.556666
  type: 'test'
  ...
# Subtest: workspace write auth: untrusted issuers and forged capabilities are denied
ok 58 - workspace write auth: untrusted issuers and forged capabilities are denied
  ---
  duration_ms: 200.45362
  type: 'test'
  ...
# Subtest: workspace write auth: an empty trusted issuer list denies otherwise valid grants
ok 59 - workspace write auth: an empty trusted issuer list denies otherwise valid grants
  ---
  duration_ms: 154.337958
  type: 'test'
  ...
# Subtest: workspace write auth: capability holder and audience are bound to the request
ok 60 - workspace write auth: capability holder and audience are bound to the request
  ---
  duration_ms: 171.444376
  type: 'test'
  ...
# Subtest: workspace write auth: exact workspace, path and content are signature-bound
ok 61 - workspace write auth: exact workspace, path and content are signature-bound
  ---
  duration_ms: 218.952983
  type: 'test'
  ...
# Subtest: workspace write auth: wrong scope, wrong action and expired capabilities cannot write
ok 62 - workspace write auth: wrong scope, wrong action and expired capabilities cannot write
  ---
  duration_ms: 262.768048
  type: 'test'
  ...
# Subtest: workspace write auth: ambiguous paths and unenforced constraints fail closed
ok 63 - workspace write auth: ambiguous paths and unenforced constraints fail closed
  ---
  duration_ms: 306.956521
  type: 'test'
  ...
# Subtest: workspace write auth: an issuer-approved caller excluded by policy is denied
ok 64 - workspace write auth: an issuer-approved caller excluded by policy is denied
  ---
  duration_ms: 169.519337
  type: 'test'
  ...
# Subtest: workspace write auth: authorized HTTP calls really overwrite and create staging files only
ok 65 - workspace write auth: authorized HTTP calls really overwrite and create staging files only
  ---
  duration_ms: 178.204044
  type: 'test'
  ...
# Subtest: workspace write auth: replaying a successful signed write has no second filesystem effect
ok 66 - workspace write auth: replaying a successful signed write has no second filesystem effect
  ---
  duration_ms: 189.923618
  type: 'test'
  ...
# Subtest: workspace write auth: concurrent calls cannot spend a one-use grant twice
ok 67 - workspace write auth: concurrent calls cannot spend a one-use grant twice
  ---
  duration_ms: 174.685234
  type: 'test'
  ...
# Subtest: workspace write auth: oversized unauthenticated requests leave files and metadata unchanged
ok 68 - workspace write auth: oversized unauthenticated requests leave files and metadata unchanged
  ---
  duration_ms: 183.251103
  type: 'test'
  ...
1..68
# tests 68
# suites 0
# pass 68
# fail 0
# cancelled 0
# skipped 0
# todo 0
# duration_ms 12745.91601
